b0
[{'args': ['input'], 'dest': 'n', 'op': 'id', 'type': 'int'}, {'dest': 'zero', 'op': 'const', 'type': 'int', 'value': 0}, {'args': ['zero'], 'dest': 'icount', 'op': 'id', 'type': 'int'}, {'args': ['n'], 'dest': 'site', 'op': 'alloc', 'type': {'ptr': 'int'}}, {'args': ['zero', 'n', 'icount', 'site'], 'dest': 'result', 'funcs': ['queen'], 'op': 'call', 'type': 'int'}, {'args': ['result'], 'op': 'print'}, {'args': ['site'], 'op': 'free'}]
Name: b0 maps to []
b0
[{'dest': 'one', 'op': 'const', 'type': 'int', 'value': 1}, {'args': ['one'], 'dest': 'ite', 'op': 'id', 'type': 'int'}, {'args': ['n', 'queens'], 'dest': 'ret_cond', 'op': 'eq', 'type': 'bool'}, {'args': ['ret_cond'], 'labels': ['next.ret', 'for.cond'], 'op': 'br'}]
b1
[{'dest': 'one', 'op': 'const', 'type': 'int', 'value': 1}, {'args': ['one'], 'dest': 'ite', 'op': 'id', 'type': 'int'}, {'args': ['n', 'queens'], 'dest': 'ret_cond', 'op': 'eq', 'type': 'bool'}, {'args': ['ret_cond'], 'labels': ['next.ret', 'for.cond'], 'op': 'br'}]
next.ret
[{'args': ['icount', 'one'], 'dest': 'icount', 'op': 'add', 'type': 'int'}, {'args': ['icount'], 'op': 'ret'}]
for.cond
[{'args': ['ite', 'queens'], 'dest': 'for_cond_0', 'op': 'le', 'type': 'bool'}, {'args': ['for_cond_0'], 'labels': ['for.body', 'next.ret.1'], 'op': 'br'}]
for.body
[{'args': ['site', 'n'], 'dest': 'nptr', 'op': 'ptradd', 'type': {'ptr': 'int'}}, {'args': ['nptr', 'ite'], 'op': 'store'}, {'args': ['n', 'site'], 'dest': 'is_valid', 'funcs': ['valid'], 'op': 'call', 'type': 'bool'}, {'args': ['is_valid'], 'labels': ['rec.func', 'next.loop'], 'op': 'br'}]
rec.func
[{'args': ['n', 'one'], 'dest': 'n_1', 'op': 'add', 'type': 'int'}, {'args': ['n_1', 'queens', 'icount', 'site'], 'dest': 'icount', 'funcs': ['queen'], 'op': 'call', 'type': 'int'}]
next.loop
[{'args': ['ite', 'one'], 'dest': 'ite', 'op': 'add', 'type': 'int'}, {'labels': ['for.cond'], 'op': 'jmp'}]
next.ret.1
[{'args': ['icount'], 'op': 'ret'}]
Name: b0 maps to ['next.ret', 'for.cond']
Name: b1 maps to ['next.ret', 'for.cond']
Name: next.ret maps to []
Name: for.cond maps to ['for.body', 'next.ret.1']
Name: for.body maps to ['rec.func', 'next.loop']
Name: rec.func maps to ['next.loop']
Name: next.loop maps to ['for.cond']
Name: next.ret.1 maps to []
b0
[{'dest': 'zero', 'op': 'const', 'type': 'int', 'value': 0}, {'dest': 'one', 'op': 'const', 'type': 'int', 'value': 1}, {'args': ['one', 'one'], 'dest': 'true', 'op': 'eq', 'type': 'bool'}, {'args': ['zero', 'one'], 'dest': 'false', 'op': 'eq', 'type': 'bool'}, {'args': ['zero'], 'dest': 'ite', 'op': 'id', 'type': 'int'}]
for.cond
[{'args': ['ite', 'n'], 'dest': 'for_cond', 'op': 'lt', 'type': 'bool'}, {'args': ['for_cond'], 'labels': ['for.body', 'ret.end'], 'op': 'br'}]
for.body
[{'args': ['site', 'ite'], 'dest': 'iptr', 'op': 'ptradd', 'type': {'ptr': 'int'}}, {'args': ['site', 'n'], 'dest': 'nptr', 'op': 'ptradd', 'type': {'ptr': 'int'}}, {'dest': 'help_0', 'op': 'const', 'type': 'int', 'value': 500}, {'args': ['iptr'], 'dest': 'vali', 'op': 'load', 'type': 'int'}, {'args': ['nptr'], 'dest': 'valn', 'op': 'load', 'type': 'int'}, {'args': ['vali', 'valn'], 'dest': 'eq_cond_0', 'op': 'eq', 'type': 'bool'}, {'args': ['eq_cond_0'], 'labels': ['true.ret.0', 'false.else'], 'op': 'br'}]
true.ret.0
[{'args': ['false'], 'op': 'ret'}]
false.else
[{'args': ['vali', 'valn'], 'dest': 'sub_0', 'op': 'sub', 'type': 'int'}, {'args': ['valn', 'vali'], 'dest': 'sub_1', 'op': 'sub', 'type': 'int'}, {'args': ['n', 'ite'], 'dest': 'sub_2', 'op': 'sub', 'type': 'int'}, {'args': ['sub_0', 'sub_2'], 'dest': 'eq_cond_1', 'op': 'eq', 'type': 'bool'}, {'args': ['sub_1', 'sub_2'], 'dest': 'eq_cond_2', 'op': 'eq', 'type': 'bool'}, {'args': ['eq_cond_1', 'eq_cond_2'], 'dest': 'eq_cond_12', 'op': 'or', 'type': 'bool'}, {'args': ['eq_cond_12'], 'labels': ['true.ret.1', 'false.loop'], 'op': 'br'}]
true.ret.1
[{'args': ['false'], 'op': 'ret'}]
false.loop
[{'args': ['ite', 'one'], 'dest': 'ite', 'op': 'add', 'type': 'int'}, {'labels': ['for.cond'], 'op': 'jmp'}]
ret.end
[{'args': ['true'], 'op': 'ret'}]
Name: b0 maps to ['for.cond']
Name: for.cond maps to ['for.body', 'ret.end']
Name: for.body maps to ['true.ret.0', 'false.else']
Name: true.ret.0 maps to []
Name: false.else maps to ['true.ret.1', 'false.loop']
Name: true.ret.1 maps to []
Name: false.loop maps to ['for.cond']
Name: ret.end maps to []
