true
true
Failed: Reached end node while.cond but it is not the pass node while.body
while.cond, while.cond, while.body
false
true
Failed: Reached end node for.cond but it is not the pass node lcm
for.cond, for.cond, lcm
false
true
